Http::post('https://example.com', [
    'foo' => 'bar',
]);
