Http::connectTimeout(5)
    ->get('https://example.com');
