Http::timeout(5)
    ->get('https://example.com');
