Http::withBody('{"foo":"bar"}')
    ->post('https://example.com');
