Http::post('https://example.com', [
    'foo' => 'bar',
    'rho' => [1, 2],
    'baz' => 'qui',
]);
