Http::asForm()
    ->acceptJson()
    ->post('https://api.com', [
        'some' => 'data',
        'foo' => 'bar',
    ]);
