Http::withOptions([
        'cert' => '/path/to/cert',
        'ssl_key' => '/path/to/key',
    ])
    ->get('https://example.com');
