Http::withOptions([
        'cert' => '/path/to/cert',
    ])
    ->get('https://example.com');
