Http::acceptJson()
    ->withoutVerifying()
    ->get('https://example.com');
