Http::acceptJson()
    ->get('https://example.com');
