Http::withOptions([
        'cert' => [
            '/path/to/cert',
            'password',
        ],
    ])
    ->get('https://example.com');
