Http::withBody('{
    "messages": [
        "a",
        "b",
        "c"
    ]
}')
    ->acceptJson()
    ->post('https://api.com');
